11:42:57 **** Auto Build of configuration Debug for project OV_7670_ARM ****
make pre-build main-build 
a9-linaro-pre-build-step
 
Building file: ../src/application.c
Invoking: ARM v7 gcc compiler
arm-none-eabi-gcc -Wall -O0 -g3 -c -fmessage-length=0 -MT"src/application.o" -mcpu=cortex-a9 -mfpu=vfpv3 -mfloat-abi=hard -I../../OV_7670_ARM_bsp/ps7_cortexa9_0/include -MMD -MP -MF"src/application.d" -MT"src/application.o" -o "src/application.o" "../src/application.c"
In file included from ../src/platform.h:18:0,
                 from ../src/interrupts.h:15,
                 from ../src/application.h:19,
                 from ../src/application.c:9:
../src/mux_sd_ov.h:6:19: warning: 'mux' defined but not used [-Wunused-variable]
 static XMux_sd_ov mux;
                   ^~~
Finished building: ../src/application.c
 
Building file: ../src/axi_gpio_frame_intr.c
Invoking: ARM v7 gcc compiler
arm-none-eabi-gcc -Wall -O0 -g3 -c -fmessage-length=0 -MT"src/axi_gpio_frame_intr.o" -mcpu=cortex-a9 -mfpu=vfpv3 -mfloat-abi=hard -I../../OV_7670_ARM_bsp/ps7_cortexa9_0/include -MMD -MP -MF"src/axi_gpio_frame_intr.d" -MT"src/axi_gpio_frame_intr.o" -o "src/axi_gpio_frame_intr.o" "../src/axi_gpio_frame_intr.c"
Finished building: ../src/axi_gpio_frame_intr.c
 
Building file: ../src/axi_gpio_pl_reset.c
Invoking: ARM v7 gcc compiler
arm-none-eabi-gcc -Wall -O0 -g3 -c -fmessage-length=0 -MT"src/axi_gpio_pl_reset.o" -mcpu=cortex-a9 -mfpu=vfpv3 -mfloat-abi=hard -I../../OV_7670_ARM_bsp/ps7_cortexa9_0/include -MMD -MP -MF"src/axi_gpio_pl_reset.d" -MT"src/axi_gpio_pl_reset.o" -o "src/axi_gpio_pl_reset.o" "../src/axi_gpio_pl_reset.c"
Finished building: ../src/axi_gpio_pl_reset.c
 
Building file: ../src/axis_to_ddr_writer.c
Invoking: ARM v7 gcc compiler
arm-none-eabi-gcc -Wall -O0 -g3 -c -fmessage-length=0 -MT"src/axis_to_ddr_writer.o" -mcpu=cortex-a9 -mfpu=vfpv3 -mfloat-abi=hard -I../../OV_7670_ARM_bsp/ps7_cortexa9_0/include -MMD -MP -MF"src/axis_to_ddr_writer.d" -MT"src/axis_to_ddr_writer.o" -o "src/axis_to_ddr_writer.o" "../src/axis_to_ddr_writer.c"
Finished building: ../src/axis_to_ddr_writer.c
 
Building file: ../src/convolution_filter.c
Invoking: ARM v7 gcc compiler
arm-none-eabi-gcc -Wall -O0 -g3 -c -fmessage-length=0 -MT"src/convolution_filter.o" -mcpu=cortex-a9 -mfpu=vfpv3 -mfloat-abi=hard -I../../OV_7670_ARM_bsp/ps7_cortexa9_0/include -MMD -MP -MF"src/convolution_filter.d" -MT"src/convolution_filter.o" -o "src/convolution_filter.o" "../src/convolution_filter.c"
Finished building: ../src/convolution_filter.c
 
Building file: ../src/ddr_to_axis_reader.c
Invoking: ARM v7 gcc compiler
arm-none-eabi-gcc -Wall -O0 -g3 -c -fmessage-length=0 -MT"src/ddr_to_axis_reader.o" -mcpu=cortex-a9 -mfpu=vfpv3 -mfloat-abi=hard -I../../OV_7670_ARM_bsp/ps7_cortexa9_0/include -MMD -MP -MF"src/ddr_to_axis_reader.d" -MT"src/ddr_to_axis_reader.o" -o "src/ddr_to_axis_reader.o" "../src/ddr_to_axis_reader.c"
Finished building: ../src/ddr_to_axis_reader.c
 
Building file: ../src/ddr_to_axis_reader_SD.c
Invoking: ARM v7 gcc compiler
arm-none-eabi-gcc -Wall -O0 -g3 -c -fmessage-length=0 -MT"src/ddr_to_axis_reader_SD.o" -mcpu=cortex-a9 -mfpu=vfpv3 -mfloat-abi=hard -I../../OV_7670_ARM_bsp/ps7_cortexa9_0/include -MMD -MP -MF"src/ddr_to_axis_reader_SD.d" -MT"src/ddr_to_axis_reader_SD.o" -o "src/ddr_to_axis_reader_SD.o" "../src/ddr_to_axis_reader_SD.c"
Finished building: ../src/ddr_to_axis_reader_SD.c
 
Building file: ../src/frame_buffer_interrupt.c
Invoking: ARM v7 gcc compiler
arm-none-eabi-gcc -Wall -O0 -g3 -c -fmessage-length=0 -MT"src/frame_buffer_interrupt.o" -mcpu=cortex-a9 -mfpu=vfpv3 -mfloat-abi=hard -I../../OV_7670_ARM_bsp/ps7_cortexa9_0/include -MMD -MP -MF"src/frame_buffer_interrupt.d" -MT"src/frame_buffer_interrupt.o" -o "src/frame_buffer_interrupt.o" "../src/frame_buffer_interrupt.c"
Finished building: ../src/frame_buffer_interrupt.c
 
Building file: ../src/i2c_interrupt.c
Invoking: ARM v7 gcc compiler
arm-none-eabi-gcc -Wall -O0 -g3 -c -fmessage-length=0 -MT"src/i2c_interrupt.o" -mcpu=cortex-a9 -mfpu=vfpv3 -mfloat-abi=hard -I../../OV_7670_ARM_bsp/ps7_cortexa9_0/include -MMD -MP -MF"src/i2c_interrupt.d" -MT"src/i2c_interrupt.o" -o "src/i2c_interrupt.o" "../src/i2c_interrupt.c"
Finished building: ../src/i2c_interrupt.c
 
Building file: ../src/interrupts.c
Invoking: ARM v7 gcc compiler
arm-none-eabi-gcc -Wall -O0 -g3 -c -fmessage-length=0 -MT"src/interrupts.o" -mcpu=cortex-a9 -mfpu=vfpv3 -mfloat-abi=hard -I../../OV_7670_ARM_bsp/ps7_cortexa9_0/include -MMD -MP -MF"src/interrupts.d" -MT"src/interrupts.o" -o "src/interrupts.o" "../src/interrupts.c"
../src/interrupts.c: In function 'configure_interrupts':
../src/interrupts.c:57:47: warning: passing argument 2 of 'configure_i2c_interrupt' from incompatible pointer type [-Wincompatible-pointer-types]
  configure_i2c_interrupt(InterruptController, &Iic);
                                               ^
In file included from ../src/interrupts.h:14:0,
                 from ../src/interrupts.c:9:
../src/i2c_interrupt.h:15:5: note: expected 'XScuGic * {aka struct <anonymous> *}' but argument is of type 'XIicPs * {aka struct <anonymous> *}'
 int configure_i2c_interrupt(XScuGic* gicInst, XScuGic* IicPsPtr);
     ^~~~~~~~~~~~~~~~~~~~~~~
In file included from ../src/platform.h:18:0,
                 from ../src/interrupts.h:15,
                 from ../src/interrupts.c:9:
At top level:
../src/mux_sd_ov.h:6:19: warning: 'mux' defined but not used [-Wunused-variable]
 static XMux_sd_ov mux;
                   ^~~
Finished building: ../src/interrupts.c
 
Building file: ../src/main.c
Invoking: ARM v7 gcc compiler
arm-none-eabi-gcc -Wall -O0 -g3 -c -fmessage-length=0 -MT"src/main.o" -mcpu=cortex-a9 -mfpu=vfpv3 -mfloat-abi=hard -I../../OV_7670_ARM_bsp/ps7_cortexa9_0/include -MMD -MP -MF"src/main.d" -MT"src/main.o" -o "src/main.o" "../src/main.c"
In file included from ../src/platform.h:18:0,
                 from ../src/interrupts.h:15,
                 from ../src/application.h:19,
                 from ../src/main.h:13,
                 from ../src/main.c:51:
../src/mux_sd_ov.h:6:19: warning: 'mux' defined but not used [-Wunused-variable]
 static XMux_sd_ov mux;
                   ^~~
Finished building: ../src/main.c
 
Building file: ../src/mux_sd_ov.c
Invoking: ARM v7 gcc compiler
arm-none-eabi-gcc -Wall -O0 -g3 -c -fmessage-length=0 -MT"src/mux_sd_ov.o" -mcpu=cortex-a9 -mfpu=vfpv3 -mfloat-abi=hard -I../../OV_7670_ARM_bsp/ps7_cortexa9_0/include -MMD -MP -MF"src/mux_sd_ov.d" -MT"src/mux_sd_ov.o" -o "src/mux_sd_ov.o" "../src/mux_sd_ov.c"
Finished building: ../src/mux_sd_ov.c
 
Building file: ../src/network.c
Invoking: ARM v7 gcc compiler
arm-none-eabi-gcc -Wall -O0 -g3 -c -fmessage-length=0 -MT"src/network.o" -mcpu=cortex-a9 -mfpu=vfpv3 -mfloat-abi=hard -I../../OV_7670_ARM_bsp/ps7_cortexa9_0/include -MMD -MP -MF"src/network.d" -MT"src/network.o" -o "src/network.o" "../src/network.c"
Finished building: ../src/network.c
 
Building file: ../src/ov7670_config_i2c.c
Invoking: ARM v7 gcc compiler
arm-none-eabi-gcc -Wall -O0 -g3 -c -fmessage-length=0 -MT"src/ov7670_config_i2c.o" -mcpu=cortex-a9 -mfpu=vfpv3 -mfloat-abi=hard -I../../OV_7670_ARM_bsp/ps7_cortexa9_0/include -MMD -MP -MF"src/ov7670_config_i2c.d" -MT"src/ov7670_config_i2c.o" -o "src/ov7670_config_i2c.o" "../src/ov7670_config_i2c.c"
Finished building: ../src/ov7670_config_i2c.c
 
Building file: ../src/platform.c
Invoking: ARM v7 gcc compiler
arm-none-eabi-gcc -Wall -O0 -g3 -c -fmessage-length=0 -MT"src/platform.o" -mcpu=cortex-a9 -mfpu=vfpv3 -mfloat-abi=hard -I../../OV_7670_ARM_bsp/ps7_cortexa9_0/include -MMD -MP -MF"src/platform.d" -MT"src/platform.o" -o "src/platform.o" "../src/platform.c"
In file included from ../src/platform.h:18:0,
                 from ../src/platform.c:9:
../src/mux_sd_ov.h:6:19: warning: 'mux' defined but not used [-Wunused-variable]
 static XMux_sd_ov mux;
                   ^~~
Finished building: ../src/platform.c
 
Building file: ../src/read_sd_card.c
Invoking: ARM v7 gcc compiler
arm-none-eabi-gcc -Wall -O0 -g3 -c -fmessage-length=0 -MT"src/read_sd_card.o" -mcpu=cortex-a9 -mfpu=vfpv3 -mfloat-abi=hard -I../../OV_7670_ARM_bsp/ps7_cortexa9_0/include -MMD -MP -MF"src/read_sd_card.d" -MT"src/read_sd_card.o" -o "src/read_sd_card.o" "../src/read_sd_card.c"
Finished building: ../src/read_sd_card.c
 
Building file: ../src/tcp_connection.c
Invoking: ARM v7 gcc compiler
arm-none-eabi-gcc -Wall -O0 -g3 -c -fmessage-length=0 -MT"src/tcp_connection.o" -mcpu=cortex-a9 -mfpu=vfpv3 -mfloat-abi=hard -I../../OV_7670_ARM_bsp/ps7_cortexa9_0/include -MMD -MP -MF"src/tcp_connection.d" -MT"src/tcp_connection.o" -o "src/tcp_connection.o" "../src/tcp_connection.c"
Finished building: ../src/tcp_connection.c
 
Building file: ../src/test.c
Invoking: ARM v7 gcc compiler
arm-none-eabi-gcc -Wall -O0 -g3 -c -fmessage-length=0 -MT"src/test.o" -mcpu=cortex-a9 -mfpu=vfpv3 -mfloat-abi=hard -I../../OV_7670_ARM_bsp/ps7_cortexa9_0/include -MMD -MP -MF"src/test.d" -MT"src/test.o" -o "src/test.o" "../src/test.c"
In file included from ../src/platform.h:18:0,
                 from ../src/interrupts.h:15,
                 from ../src/application.h:19,
                 from ../src/test.h:13,
                 from ../src/test.c:8:
../src/mux_sd_ov.h:6:19: warning: 'mux' defined but not used [-Wunused-variable]
 static XMux_sd_ov mux;
                   ^~~
Finished building: ../src/test.c
 
Building file: ../src/zynq_gic.c
Invoking: ARM v7 gcc compiler
arm-none-eabi-gcc -Wall -O0 -g3 -c -fmessage-length=0 -MT"src/zynq_gic.o" -mcpu=cortex-a9 -mfpu=vfpv3 -mfloat-abi=hard -I../../OV_7670_ARM_bsp/ps7_cortexa9_0/include -MMD -MP -MF"src/zynq_gic.d" -MT"src/zynq_gic.o" -o "src/zynq_gic.o" "../src/zynq_gic.c"
Finished building: ../src/zynq_gic.c
 
Building file: ../src/zynq_i2c.c
Invoking: ARM v7 gcc compiler
arm-none-eabi-gcc -Wall -O0 -g3 -c -fmessage-length=0 -MT"src/zynq_i2c.o" -mcpu=cortex-a9 -mfpu=vfpv3 -mfloat-abi=hard -I../../OV_7670_ARM_bsp/ps7_cortexa9_0/include -MMD -MP -MF"src/zynq_i2c.d" -MT"src/zynq_i2c.o" -o "src/zynq_i2c.o" "../src/zynq_i2c.c"
Finished building: ../src/zynq_i2c.c
 
Building target: OV_7670_ARM.elf
Invoking: ARM v7 gcc linker
arm-none-eabi-gcc -mcpu=cortex-a9 -mfpu=vfpv3 -mfloat-abi=hard -Wl,-build-id=none -specs=Xilinx.spec -Wl,-T -Wl,../src/lscript.ld -L../../OV_7670_ARM_bsp/ps7_cortexa9_0/lib -o "OV_7670_ARM.elf"  ./src/application.o ./src/axi_gpio_frame_intr.o ./src/axi_gpio_pl_reset.o ./src/axis_to_ddr_writer.o ./src/convolution_filter.o ./src/ddr_to_axis_reader.o ./src/ddr_to_axis_reader_SD.o ./src/frame_buffer_interrupt.o ./src/i2c_interrupt.o ./src/interrupts.o ./src/main.o ./src/mux_sd_ov.o ./src/network.o ./src/ov7670_config_i2c.o ./src/platform.o ./src/read_sd_card.o ./src/tcp_connection.o ./src/test.o ./src/zynq_gic.o ./src/zynq_i2c.o   -Wl,--start-group,-lxil,-lgcc,-lc,--end-group -Wl,--start-group,-lxilffs,-lxil,-lgcc,-lc,--end-group -Wl,--start-group,-lxil,-llwip4,-lgcc,-lc,--end-group
Finished building target: OV_7670_ARM.elf
 
Invoking: ARM v7 Print Size
arm-none-eabi-size OV_7670_ARM.elf  |tee "OV_7670_ARM.elf.size"
   text	   data	    bss	    dec	    hex	filename
 207992	   4456	2218288	2430736	 251710	OV_7670_ARM.elf
Finished building: OV_7670_ARM.elf.size
 

11:42:59 Build Finished (took 2s.184ms)

